../Core/Src/main.c:95:1:__io_putchar	16	static
../Core/Src/main.c:105:6:ADC_SetActiveChannel	32	static
../Core/Src/main.c:114:7:ADC_measure	16	static
../Core/Src/main.c:121:6:performTest	16	static
../Core/Src/main.c:133:6:compare	24	static
../Core/Src/main.c:177:5:main	8	static
../Core/Src/main.c:264:6:SystemClock_Config	88	static
../Core/Src/main.c:311:13:MX_ADC1_Init	24	static
../Core/Src/main.c:358:13:MX_USART1_UART_Init	8	static
../Core/Src/main.c:391:13:MX_USART2_UART_Init	8	static
../Core/Src/main.c:424:13:MX_USART3_UART_Init	8	static
../Core/Src/main.c:457:13:MX_GPIO_Init	40	static
../Core/Src/main.c:494:6:HAL_UART_RxCpltCallback	16	static
../Core/Src/main.c:508:6:Test	696	static
../Core/Src/main.c:693:6:Uartcom	16	static
../Core/Src/main.c:712:6:Error_Handler	4	static,ignoring_inline_asm
